// Jest Snapshot v1, https://goo.gl/fbAQLP

exports[`Loot renders properly 1`] = `
ShallowWrapper {
  "length": 1,
  Symbol(enzyme.__root__): [Circular],
  Symbol(enzyme.__unrendered__): <Loot
    balance={10}
    bitcoin={Object {}}
/>,
  Symbol(enzyme.__renderer__): Object {
    "batchedUpdates": [Function],
    "getNode": [Function],
    "render": [Function],
    "simulateEvent": [Function],
    "unmount": [Function],
  },
  Symbol(enzyme.__node__): Object {
    "instance": null,
    "key": undefined,
    "nodeType": "host",
    "props": Object {
      "children": Array [
        <h3
          id="BCBalance"
>
          # of Bitcoins you can afford: 
          
</h3>,
        <h3
          id="BCPrice"
>
          Current Bitcoin price: $
          
</h3>,
      ],
    },
    "ref": null,
    "rendered": Array [
      Object {
        "instance": null,
        "key": undefined,
        "nodeType": "host",
        "props": Object {
          "children": Array [
            "# of Bitcoins you can afford: ",
            "",
          ],
          "id": "BCBalance",
        },
        "ref": null,
        "rendered": Array [
          "# of Bitcoins you can afford: ",
          "",
        ],
        "type": "h3",
      },
      Object {
        "instance": null,
        "key": undefined,
        "nodeType": "host",
        "props": Object {
          "children": Array [
            "Current Bitcoin price: $",
            "",
          ],
          "id": "BCPrice",
        },
        "ref": null,
        "rendered": Array [
          "Current Bitcoin price: $",
          "",
        ],
        "type": "h3",
      },
    ],
    "type": "div",
  },
  Symbol(enzyme.__nodes__): Array [
    Object {
      "instance": null,
      "key": undefined,
      "nodeType": "host",
      "props": Object {
        "children": Array [
          <h3
            id="BCBalance"
>
            # of Bitcoins you can afford: 
            
</h3>,
          <h3
            id="BCPrice"
>
            Current Bitcoin price: $
            
</h3>,
        ],
      },
      "ref": null,
      "rendered": Array [
        Object {
          "instance": null,
          "key": undefined,
          "nodeType": "host",
          "props": Object {
            "children": Array [
              "# of Bitcoins you can afford: ",
              "",
            ],
            "id": "BCBalance",
          },
          "ref": null,
          "rendered": Array [
            "# of Bitcoins you can afford: ",
            "",
          ],
          "type": "h3",
        },
        Object {
          "instance": null,
          "key": undefined,
          "nodeType": "host",
          "props": Object {
            "children": Array [
              "Current Bitcoin price: $",
              "",
            ],
            "id": "BCPrice",
          },
          "ref": null,
          "rendered": Array [
            "Current Bitcoin price: $",
            "",
          ],
          "type": "h3",
        },
      ],
      "type": "div",
    },
  ],
  Symbol(enzyme.__options__): Object {
    "adapter": ReactSixteenAdapter {
      "options": Object {
        "enableComponentDidUpdateOnSetState": true,
      },
    },
    "disableLifecycleMethods": true,
  },
}
`;
